nohup: ignoring input
nvidia-smi
NUM_TASKS_PER_NODE= 4
/home/nvidia/miniforge3/envs/s2s_env/lib/python3.11/site-packages/torch/distributed/launch.py:208: FutureWarning: The module torch.distributed.launch is deprecated
and will be removed in future. Use torchrun.
Note that --use-env is set by default in torchrun.
If your script expects `--local-rank` argument to be set, please
change it to read from `os.environ['LOCAL_RANK']` instead. See 
https://pytorch.org/docs/stable/distributed.html#launch-utility for 
further instructions

  main()
W0711 02:56:52.919000 3531440 site-packages/torch/distributed/run.py:792] 
W0711 02:56:52.919000 3531440 site-packages/torch/distributed/run.py:792] *****************************************
W0711 02:56:52.919000 3531440 site-packages/torch/distributed/run.py:792] Setting OMP_NUM_THREADS environment variable for each process to be 1 in default, to avoid your system being overloaded, please further tune the variable for optimal performance in your application as needed. 
W0711 02:56:52.919000 3531440 site-packages/torch/distributed/run.py:792] *****************************************
Traceback (most recent call last):
  File "<frozen runpy>", line 198, in _run_module_as_main
  File "<frozen runpy>", line 88, in _run_code
  File "/home/nvidia/miniforge3/envs/s2s_env/lib/python3.11/site-packages/torch/distributed/launch.py", line 208, in <module>
    main()
  File "/home/nvidia/miniforge3/envs/s2s_env/lib/python3.11/site-packages/typing_extensions.py", line 2853, in wrapper
    return arg(*args, **kwargs)
           ^^^^^^^^^^^^^^^^^^^^
  File "/home/nvidia/miniforge3/envs/s2s_env/lib/python3.11/site-packages/torch/distributed/launch.py", line 204, in main
    launch(args)
  File "/home/nvidia/miniforge3/envs/s2s_env/lib/python3.11/site-packages/torch/distributed/launch.py", line 189, in launch
    run(args)
  File "/home/nvidia/miniforge3/envs/s2s_env/lib/python3.11/site-packages/torch/distributed/run.py", line 909, in run
    elastic_launch(
  File "/home/nvidia/miniforge3/envs/s2s_env/lib/python3.11/site-packages/torch/distributed/launcher/api.py", line 138, in __call__
    return launch_agent(self._config, self._entrypoint, list(args))
           ^^^^^^^^^^^^^^^^^^^^^^^^^^^^^^^^^^^^^^^^^^^^^^^^^^^^^^^^
  File "/home/nvidia/miniforge3/envs/s2s_env/lib/python3.11/site-packages/torch/distributed/launcher/api.py", line 260, in launch_agent
    result = agent.run()
             ^^^^^^^^^^^
  File "/home/nvidia/miniforge3/envs/s2s_env/lib/python3.11/site-packages/torch/distributed/elastic/metrics/api.py", line 137, in wrapper
    result = f(*args, **kwargs)
             ^^^^^^^^^^^^^^^^^^
  File "/home/nvidia/miniforge3/envs/s2s_env/lib/python3.11/site-packages/torch/distributed/elastic/agent/server/api.py", line 711, in run
    result = self._invoke_run(role)
             ^^^^^^^^^^^^^^^^^^^^^^
  File "/home/nvidia/miniforge3/envs/s2s_env/lib/python3.11/site-packages/torch/distributed/elastic/agent/server/api.py", line 864, in _invoke_run
    self._initialize_workers(self._worker_group)
  File "/home/nvidia/miniforge3/envs/s2s_env/lib/python3.11/site-packages/torch/distributed/elastic/metrics/api.py", line 137, in wrapper
    result = f(*args, **kwargs)
             ^^^^^^^^^^^^^^^^^^
  File "/home/nvidia/miniforge3/envs/s2s_env/lib/python3.11/site-packages/torch/distributed/elastic/agent/server/api.py", line 683, in _initialize_workers
    self._rendezvous(worker_group)
  File "/home/nvidia/miniforge3/envs/s2s_env/lib/python3.11/site-packages/torch/distributed/elastic/metrics/api.py", line 137, in wrapper
    result = f(*args, **kwargs)
             ^^^^^^^^^^^^^^^^^^
  File "/home/nvidia/miniforge3/envs/s2s_env/lib/python3.11/site-packages/torch/distributed/elastic/agent/server/api.py", line 500, in _rendezvous
    rdzv_info = spec.rdzv_handler.next_rendezvous()
                ^^^^^^^^^^^^^^^^^^^^^^^^^^^^^^^^^^^
  File "/home/nvidia/miniforge3/envs/s2s_env/lib/python3.11/site-packages/torch/distributed/elastic/rendezvous/static_tcp_rendezvous.py", line 67, in next_rendezvous
    self._store = TCPStore(  # type: ignore[call-arg]
                  ^^^^^^^^^^^^^^^^^^^^^^^^^^^^^^^^^^^
RuntimeError: The server socket has failed to listen on any local network address. port: 29500, useIpv6: 0, code: -98, name: EADDRINUSE, message: address already in use
